2015-11-23 08:21:39.778:INFO::Logging to STDERR via org.mortbay.log.StdErrLog
2015-11-23 08:21:39.812:INFO::jetty-6.1.26
2015-11-23 08:21:39.945:INFO::NO JSP Support for /, did not find org.apache.jasper.servlet.JspServlet
2015-11-23 08:21:40.030:INFO:/:Initializing Spring root WebApplicationContext
Nov 23, 2015 8:21:40 AM org.springframework.web.context.ContextLoader initWebApplicationContext
INFO: Root WebApplicationContext: initialization started
Nov 23, 2015 8:21:40 AM org.springframework.web.context.support.XmlWebApplicationContext prepareRefresh
INFO: Refreshing Root WebApplicationContext: startup date [Mon Nov 23 08:21:40 CET 2015]; root of context hierarchy
Nov 23, 2015 8:21:40 AM org.springframework.beans.factory.xml.XmlBeanDefinitionReader loadBeanDefinitions
INFO: Loading XML bean definitions from ServletContext resource [/WEB-INF/rest-dispatcher-servlet.xml]
Nov 23, 2015 8:21:40 AM org.springframework.beans.factory.xml.XmlBeanDefinitionReader loadBeanDefinitions
INFO: Loading XML bean definitions from ServletContext resource [/WEB-INF/rest-dispatcher-servlet-security.xml]
Nov 23, 2015 8:21:40 AM org.springframework.security.config.SecurityNamespaceHandler <init>
INFO: Spring Security 'config' module version is 3.2.9.RELEASE
Nov 23, 2015 8:21:40 AM org.springframework.security.config.http.HttpSecurityBeanDefinitionParser checkFilterChainOrder
INFO: Checking sorted filter chain: [Root bean: class [org.springframework.security.web.context.SecurityContextPersistenceFilter]; scope=; abstract=false; lazyInit=false; autowireMode=0; dependencyCheck=0; autowireCandidate=true; primary=false; factoryBeanName=null; factoryMethodName=null; initMethodName=null; destroyMethodName=null, order = 200, Root bean: class [org.springframework.security.web.authentication.www.BasicAuthenticationFilter]; scope=; abstract=false; lazyInit=false; autowireMode=0; dependencyCheck=0; autowireCandidate=true; primary=false; factoryBeanName=null; factoryMethodName=null; initMethodName=null; destroyMethodName=null, order = 1500, <clientCredentialsTokenEndpointFilter>, order = 1501, Root bean: class [org.springframework.security.web.servletapi.SecurityContextHolderAwareRequestFilter]; scope=; abstract=false; lazyInit=false; autowireMode=0; dependencyCheck=0; autowireCandidate=true; primary=false; factoryBeanName=null; factoryMethodName=null; initMethodName=null; destroyMethodName=null, order = 1700, Root bean: class [org.springframework.security.web.access.ExceptionTranslationFilter]; scope=; abstract=false; lazyInit=false; autowireMode=0; dependencyCheck=0; autowireCandidate=true; primary=false; factoryBeanName=null; factoryMethodName=null; initMethodName=null; destroyMethodName=null, order = 2200, <org.springframework.security.web.access.intercept.FilterSecurityInterceptor#0>, order = 2300]
Nov 23, 2015 8:21:40 AM org.springframework.security.config.http.FilterInvocationSecurityMetadataSourceParser parseInterceptUrlsForFilterInvocationRequestMap
INFO: Creating access control expression attribute 'ROLE_USER' for /restapi/locations/**
Nov 23, 2015 8:21:40 AM org.springframework.security.config.http.HttpSecurityBeanDefinitionParser checkFilterChainOrder
INFO: Checking sorted filter chain: [Root bean: class [org.springframework.security.web.context.SecurityContextPersistenceFilter]; scope=; abstract=false; lazyInit=false; autowireMode=0; dependencyCheck=0; autowireCandidate=true; primary=false; factoryBeanName=null; factoryMethodName=null; initMethodName=null; destroyMethodName=null, order = 200, <resourceServerFilter>, order = 899, Root bean: class [org.springframework.security.web.savedrequest.RequestCacheAwareFilter]; scope=; abstract=false; lazyInit=false; autowireMode=0; dependencyCheck=0; autowireCandidate=true; primary=false; factoryBeanName=null; factoryMethodName=null; initMethodName=null; destroyMethodName=null, order = 1600, Root bean: class [org.springframework.security.web.servletapi.SecurityContextHolderAwareRequestFilter]; scope=; abstract=false; lazyInit=false; autowireMode=0; dependencyCheck=0; autowireCandidate=true; primary=false; factoryBeanName=null; factoryMethodName=null; initMethodName=null; destroyMethodName=null, order = 1700, Root bean: class [org.springframework.security.web.session.SessionManagementFilter]; scope=; abstract=false; lazyInit=false; autowireMode=0; dependencyCheck=0; autowireCandidate=true; primary=false; factoryBeanName=null; factoryMethodName=null; initMethodName=null; destroyMethodName=null, order = 2100, Root bean: class [org.springframework.security.web.access.ExceptionTranslationFilter]; scope=; abstract=false; lazyInit=false; autowireMode=0; dependencyCheck=0; autowireCandidate=true; primary=false; factoryBeanName=null; factoryMethodName=null; initMethodName=null; destroyMethodName=null, order = 2200, <org.springframework.security.web.access.intercept.FilterSecurityInterceptor#1>, order = 2300]
Nov 23, 2015 8:21:40 AM org.springframework.security.config.method.GlobalMethodSecurityBeanDefinitionParser parse
INFO: Using bean 'oauthExpressionHandler' as method ExpressionHandler implementation
Nov 23, 2015 8:21:40 AM org.springframework.beans.factory.support.DefaultListableBeanFactory preInstantiateSingletons
INFO: Pre-instantiating singletons in org.springframework.beans.factory.support.DefaultListableBeanFactory@467116: defining beans [mvcContentNegotiationManager,org.springframework.web.servlet.mvc.method.annotation.RequestMappingHandlerMapping#0,org.springframework.format.support.FormattingConversionServiceFactoryBean#0,org.springframework.web.servlet.mvc.method.annotation.RequestMappingHandlerAdapter#0,org.springframework.web.servlet.handler.MappedInterceptor#0,org.springframework.web.servlet.mvc.method.annotation.ExceptionHandlerExceptionResolver#0,org.springframework.web.servlet.mvc.annotation.ResponseStatusExceptionResolver#0,org.springframework.web.servlet.mvc.support.DefaultHandlerExceptionResolver#0,org.springframework.web.servlet.handler.BeanNameUrlHandlerMapping,org.springframework.web.servlet.mvc.HttpRequestHandlerAdapter,org.springframework.web.servlet.mvc.SimpleControllerHandlerAdapter,locationsService,org.springframework.context.annotation.internalConfigurationAnnotationProcessor,org.springframework.context.annotation.internalAutowiredAnnotationProcessor,org.springframework.context.annotation.internalRequiredAnnotationProcessor,org.springframework.context.annotation.internalCommonAnnotationProcessor,org.springframework.security.filterChains,org.springframework.security.filterChainProxy,org.springframework.security.web.PortMapperImpl#0,org.springframework.security.web.PortResolverImpl#0,org.springframework.security.authentication.ProviderManager#0,org.springframework.security.web.context.NullSecurityContextRepository#0,org.springframework.security.web.savedrequest.NullRequestCache#0,org.springframework.security.access.vote.AffirmativeBased#0,org.springframework.security.web.access.intercept.FilterSecurityInterceptor#0,org.springframework.security.web.access.DefaultWebInvocationPrivilegeEvaluator#0,org.springframework.security.userDetailsServiceFactory,org.springframework.security.web.DefaultSecurityFilterChain#0,org.springframework.security.web.PortMapperImpl#1,org.springframework.security.web.PortResolverImpl#1,org.springframework.security.config.authentication.AuthenticationManagerFactoryBean#0,org.springframework.security.authentication.ProviderManager#1,org.springframework.security.web.context.HttpSessionSecurityContextRepository#0,org.springframework.security.web.authentication.session.CompositeSessionAuthenticationStrategy#0,org.springframework.security.web.savedrequest.HttpSessionRequestCache#0,org.springframework.security.web.access.expression.DefaultWebSecurityExpressionHandler#0,org.springframework.security.web.access.intercept.FilterSecurityInterceptor#1,org.springframework.security.web.access.DefaultWebInvocationPrivilegeEvaluator#1,org.springframework.security.web.DefaultSecurityFilterChain#1,oauthAuthenticationEntryPoint,clientAuthenticationEntryPoint,oauthAccessDeniedHandler,clientCredentialsTokenEndpointFilter,accessDecisionManager,org.springframework.security.authentication.dao.DaoAuthenticationProvider#0,org.springframework.security.authentication.DefaultAuthenticationEventPublisher#0,clientAuthenticationManager,userDetailsService,org.springframework.security.authentication.dao.DaoAuthenticationProvider#1,org.springframework.security.authentication.DefaultAuthenticationEventPublisher#1,org.springframework.security.authenticationManager,clientDetailsUserService,tokenStore,tokenServices,userApprovalHandler,oauth2TokenGranter,oauth2AuthorizationCodeServices,oauth2AuthorizationRequestManager,oauth2ApprovalEndpoint,oauth2AuthorizationEndpoint,oauth2TokenEndpoint,oauth2HandlerMapping,resourceServerFilter,clientDetails,org.springframework.security.config.method.GlobalMethodSecurityBeanDefinitionParser$LazyInitBeanDefinitionRegistryPostProcessor#0,org.springframework.aop.framework.ProxyFactoryBean#0,org.springframework.security.access.method.DelegatingMethodSecurityMetadataSource#0,org.springframework.security.access.vote.AffirmativeBased#1,org.springframework.security.access.intercept.aopalliance.MethodSecurityInterceptor#0,org.springframework.security.methodSecurityMetadataSourceAdvisor,org.springframework.aop.config.internalAutoProxyCreator,oauthExpressionHandler,oauthWebExpressionHandler,org.springframework.context.annotation.ConfigurationClassPostProcessor.importAwareProcessor]; root of factory hierarchy
Nov 23, 2015 8:21:40 AM org.springframework.web.servlet.mvc.method.annotation.RequestMappingHandlerMapping registerHandlerMethod
INFO: Mapped "{[/restapi/locations/{id}],methods=[GET],params=[],headers=[],consumes=[],produces=[application/json],custom=[]}" onto public com.u14n.sandbox.model.Location com.u14n.sandbox.spring.rest.service.LocationsService.getLocation(int) throws com.u14n.sandbox.model.DAOException
Nov 23, 2015 8:21:40 AM org.springframework.web.servlet.mvc.method.annotation.RequestMappingHandlerMapping registerHandlerMethod
INFO: Mapped "{[/restapi/locations],methods=[HEAD],params=[],headers=[],consumes=[],produces=[],custom=[]}" onto public void com.u14n.sandbox.spring.rest.service.LocationsService.headLocations()
Nov 23, 2015 8:21:40 AM org.springframework.web.servlet.mvc.method.annotation.RequestMappingHandlerMapping registerHandlerMethod
INFO: Mapped "{[/restapi/locations.json],methods=[GET],params=[],headers=[],consumes=[],produces=[application/json],custom=[]}" onto public java.util.List<com.u14n.sandbox.model.Location> com.u14n.sandbox.spring.rest.service.LocationsService.getLocationsJson() throws com.u14n.sandbox.model.DAOException
Nov 23, 2015 8:21:40 AM org.springframework.web.servlet.mvc.method.annotation.RequestMappingHandlerMapping registerHandlerMethod
INFO: Mapped "{[/restapi/locations.xml],methods=[GET],params=[],headers=[],consumes=[],produces=[text/xml],custom=[]}" onto public java.util.List<com.u14n.sandbox.model.Location> com.u14n.sandbox.spring.rest.service.LocationsService.getLocationsXml() throws com.u14n.sandbox.model.DAOException
Nov 23, 2015 8:21:40 AM org.springframework.web.servlet.mvc.method.annotation.RequestMappingHandlerMapping registerHandlerMethod
INFO: Mapped "{[/restapi/locations/{id}],methods=[PUT],params=[],headers=[],consumes=[application/json],produces=[application/json],custom=[]}" onto public com.u14n.sandbox.model.Location com.u14n.sandbox.spring.rest.service.LocationsService.updateLocation(com.u14n.sandbox.model.Location,int) throws com.u14n.sandbox.model.DAOException
Nov 23, 2015 8:21:40 AM org.springframework.web.servlet.mvc.method.annotation.RequestMappingHandlerMapping registerHandlerMethod
INFO: Mapped "{[/restapi/locations],methods=[GET],params=[],headers=[],consumes=[],produces=[application/json],custom=[]}" onto public java.util.List<com.u14n.sandbox.model.Location> com.u14n.sandbox.spring.rest.service.LocationsService.getLocations() throws com.u14n.sandbox.model.DAOException
Nov 23, 2015 8:21:40 AM org.springframework.web.servlet.mvc.method.annotation.RequestMappingHandlerMapping registerHandlerMethod
INFO: Mapped "{[/restapi/locations/list],methods=[GET],params=[],headers=[],consumes=[],produces=[application/json],custom=[]}" onto public java.util.List<com.u14n.sandbox.model.Location> com.u14n.sandbox.spring.rest.service.LocationsService.getLocationList() throws com.u14n.sandbox.model.DAOException
Nov 23, 2015 8:21:40 AM org.springframework.web.servlet.mvc.method.annotation.RequestMappingHandlerMapping registerHandlerMethod
INFO: Mapped "{[/restapi/locations/{id}],methods=[DELETE],params=[],headers=[],consumes=[],produces=[application/json],custom=[]}" onto public boolean com.u14n.sandbox.spring.rest.service.LocationsService.deleteLocation(int) throws com.u14n.sandbox.model.DAOException
Nov 23, 2015 8:21:40 AM org.springframework.web.servlet.mvc.method.annotation.RequestMappingHandlerMapping registerHandlerMethod
INFO: Mapped "{[/restapi/locations],methods=[POST],params=[],headers=[],consumes=[application/json],produces=[application/json],custom=[]}" onto public boolean com.u14n.sandbox.spring.rest.service.LocationsService.createLocation(com.u14n.sandbox.model.Location) throws com.u14n.sandbox.model.DAOException
Nov 23, 2015 8:21:40 AM org.springframework.web.servlet.mvc.method.annotation.RequestMappingHandlerMapping registerHandlerMethod
INFO: Mapped "{[/restapi/locations.html],methods=[GET],params=[],headers=[],consumes=[],produces=[text/html],custom=[]}" onto public java.lang.String com.u14n.sandbox.spring.rest.service.LocationsService.getLocationListHTML() throws com.u14n.sandbox.model.DAOException
Nov 23, 2015 8:21:40 AM org.springframework.web.servlet.mvc.method.annotation.RequestMappingHandlerMapping registerHandlerMethod
INFO: Mapped "{[/oauth/authorize],methods=[],params=[],headers=[],consumes=[],produces=[],custom=[]}" onto public org.springframework.web.servlet.ModelAndView org.springframework.security.oauth2.provider.endpoint.AuthorizationEndpoint.authorize(java.util.Map<java.lang.String, java.lang.Object>,java.lang.String,java.util.Map<java.lang.String, java.lang.String>,org.springframework.web.bind.support.SessionStatus,java.security.Principal)
Nov 23, 2015 8:21:40 AM org.springframework.web.servlet.mvc.method.annotation.RequestMappingHandlerMapping registerHandlerMethod
INFO: Mapped "{[/oauth/authorize],methods=[POST],params=[user_oauth_approval],headers=[],consumes=[],produces=[],custom=[]}" onto public org.springframework.web.servlet.View org.springframework.security.oauth2.provider.endpoint.AuthorizationEndpoint.approveOrDeny(java.util.Map<java.lang.String, java.lang.String>,java.util.Map<java.lang.String, ?>,org.springframework.web.bind.support.SessionStatus,java.security.Principal)
Nov 23, 2015 8:21:40 AM org.springframework.web.servlet.mvc.method.annotation.RequestMappingHandlerMapping registerHandlerMethod
INFO: Mapped "{[/oauth/token],methods=[],params=[],headers=[],consumes=[],produces=[],custom=[]}" onto public org.springframework.http.ResponseEntity<org.springframework.security.oauth2.common.OAuth2AccessToken> org.springframework.security.oauth2.provider.endpoint.TokenEndpoint.getAccessToken(java.security.Principal,java.lang.String,java.util.Map<java.lang.String, java.lang.String>)
Nov 23, 2015 8:21:41 AM org.springframework.security.web.DefaultSecurityFilterChain <init>
INFO: Creating filter chain: Ant [pattern='/oauth/token'], [org.springframework.security.web.context.SecurityContextPersistenceFilter@da83ed, org.springframework.security.web.authentication.www.BasicAuthenticationFilter@18445d7, org.springframework.security.oauth2.provider.client.ClientCredentialsTokenEndpointFilter@1d80fe7, org.springframework.security.web.servletapi.SecurityContextHolderAwareRequestFilter@4fc774, org.springframework.security.web.access.ExceptionTranslationFilter@3cee7b, org.springframework.security.web.access.intercept.FilterSecurityInterceptor@1e9a896]
Nov 23, 2015 8:21:41 AM org.springframework.security.web.DefaultSecurityFilterChain <init>
INFO: Creating filter chain: Ant [pattern='/restapi/locations/**'], [org.springframework.security.web.context.SecurityContextPersistenceFilter@53135d, org.springframework.security.oauth2.provider.authentication.OAuth2AuthenticationProcessingFilter@74a051, org.springframework.security.web.savedrequest.RequestCacheAwareFilter@1a7704c, org.springframework.security.web.servletapi.SecurityContextHolderAwareRequestFilter@154ef00, org.springframework.security.web.session.SessionManagementFilter@19bd14c, org.springframework.security.web.access.ExceptionTranslationFilter@3e8306, org.springframework.security.web.access.intercept.FilterSecurityInterceptor@23a01d]
Nov 23, 2015 8:21:41 AM org.springframework.security.oauth2.provider.endpoint.FrameworkEndpointHandlerMapping registerHandlerMethod
INFO: Mapped "{[/oauth/error],methods=[],params=[],headers=[],consumes=[],produces=[],custom=[]}" onto public org.springframework.web.servlet.ModelAndView org.springframework.security.oauth2.provider.endpoint.WhitelabelApprovalEndpoint.handleError(javax.servlet.http.HttpServletRequest)
Nov 23, 2015 8:21:41 AM org.springframework.security.oauth2.provider.endpoint.FrameworkEndpointHandlerMapping registerHandlerMethod
INFO: Mapped "{[/oauth/confirm_access],methods=[],params=[],headers=[],consumes=[],produces=[],custom=[]}" onto public org.springframework.web.servlet.ModelAndView org.springframework.security.oauth2.provider.endpoint.WhitelabelApprovalEndpoint.getAccessConfirmation(java.util.Map<java.lang.String, java.lang.Object>) throws java.lang.Exception
Nov 23, 2015 8:21:41 AM org.springframework.security.oauth2.provider.endpoint.FrameworkEndpointHandlerMapping registerHandlerMethod
INFO: Mapped "{[/oauth/authorize],methods=[],params=[],headers=[],consumes=[],produces=[],custom=[]}" onto public org.springframework.web.servlet.ModelAndView org.springframework.security.oauth2.provider.endpoint.AuthorizationEndpoint.authorize(java.util.Map<java.lang.String, java.lang.Object>,java.lang.String,java.util.Map<java.lang.String, java.lang.String>,org.springframework.web.bind.support.SessionStatus,java.security.Principal)
Nov 23, 2015 8:21:41 AM org.springframework.security.oauth2.provider.endpoint.FrameworkEndpointHandlerMapping registerHandlerMethod
INFO: Mapped "{[/oauth/authorize],methods=[POST],params=[user_oauth_approval],headers=[],consumes=[],produces=[],custom=[]}" onto public org.springframework.web.servlet.View org.springframework.security.oauth2.provider.endpoint.AuthorizationEndpoint.approveOrDeny(java.util.Map<java.lang.String, java.lang.String>,java.util.Map<java.lang.String, ?>,org.springframework.web.bind.support.SessionStatus,java.security.Principal)
Nov 23, 2015 8:21:41 AM org.springframework.security.oauth2.provider.endpoint.FrameworkEndpointHandlerMapping registerHandlerMethod
INFO: Mapped "{[/oauth/token],methods=[],params=[],headers=[],consumes=[],produces=[],custom=[]}" onto public org.springframework.http.ResponseEntity<org.springframework.security.oauth2.common.OAuth2AccessToken> org.springframework.security.oauth2.provider.endpoint.TokenEndpoint.getAccessToken(java.security.Principal,java.lang.String,java.util.Map<java.lang.String, java.lang.String>)
Nov 23, 2015 8:21:41 AM org.springframework.web.context.ContextLoader initWebApplicationContext
INFO: Root WebApplicationContext: initialization completed in 1521 ms
2015-11-23 08:21:41.572:INFO:/:Initializing Spring FrameworkServlet 'rest-dispatcher'
Nov 23, 2015 8:21:41 AM org.springframework.web.servlet.DispatcherServlet initServletBean
INFO: FrameworkServlet 'rest-dispatcher': initialization started
Nov 23, 2015 8:21:41 AM org.springframework.web.context.support.XmlWebApplicationContext prepareRefresh
INFO: Refreshing WebApplicationContext for namespace 'rest-dispatcher-servlet': startup date [Mon Nov 23 08:21:41 CET 2015]; parent: Root WebApplicationContext
Nov 23, 2015 8:21:41 AM org.springframework.beans.factory.xml.XmlBeanDefinitionReader loadBeanDefinitions
INFO: Loading XML bean definitions from ServletContext resource [/WEB-INF/rest-dispatcher-servlet.xml]
Nov 23, 2015 8:21:41 AM org.springframework.beans.factory.support.DefaultListableBeanFactory preInstantiateSingletons
INFO: Pre-instantiating singletons in org.springframework.beans.factory.support.DefaultListableBeanFactory@8a8218: defining beans [mvcContentNegotiationManager,org.springframework.web.servlet.mvc.method.annotation.RequestMappingHandlerMapping#0,org.springframework.format.support.FormattingConversionServiceFactoryBean#0,org.springframework.web.servlet.mvc.method.annotation.RequestMappingHandlerAdapter#0,org.springframework.web.servlet.handler.MappedInterceptor#0,org.springframework.web.servlet.mvc.method.annotation.ExceptionHandlerExceptionResolver#0,org.springframework.web.servlet.mvc.annotation.ResponseStatusExceptionResolver#0,org.springframework.web.servlet.mvc.support.DefaultHandlerExceptionResolver#0,org.springframework.web.servlet.handler.BeanNameUrlHandlerMapping,org.springframework.web.servlet.mvc.HttpRequestHandlerAdapter,org.springframework.web.servlet.mvc.SimpleControllerHandlerAdapter,locationsService,org.springframework.context.annotation.internalConfigurationAnnotationProcessor,org.springframework.context.annotation.internalAutowiredAnnotationProcessor,org.springframework.context.annotation.internalRequiredAnnotationProcessor,org.springframework.context.annotation.internalCommonAnnotationProcessor,org.springframework.context.annotation.ConfigurationClassPostProcessor.importAwareProcessor]; parent: org.springframework.beans.factory.support.DefaultListableBeanFactory@467116
Nov 23, 2015 8:21:41 AM org.springframework.web.servlet.mvc.method.annotation.RequestMappingHandlerMapping registerHandlerMethod
INFO: Mapped "{[/restapi/locations/{id}],methods=[GET],params=[],headers=[],consumes=[],produces=[application/json],custom=[]}" onto public com.u14n.sandbox.model.Location com.u14n.sandbox.spring.rest.service.LocationsService.getLocation(int) throws com.u14n.sandbox.model.DAOException
Nov 23, 2015 8:21:41 AM org.springframework.web.servlet.mvc.method.annotation.RequestMappingHandlerMapping registerHandlerMethod
INFO: Mapped "{[/restapi/locations],methods=[HEAD],params=[],headers=[],consumes=[],produces=[],custom=[]}" onto public void com.u14n.sandbox.spring.rest.service.LocationsService.headLocations()
Nov 23, 2015 8:21:41 AM org.springframework.web.servlet.mvc.method.annotation.RequestMappingHandlerMapping registerHandlerMethod
INFO: Mapped "{[/restapi/locations.json],methods=[GET],params=[],headers=[],consumes=[],produces=[application/json],custom=[]}" onto public java.util.List<com.u14n.sandbox.model.Location> com.u14n.sandbox.spring.rest.service.LocationsService.getLocationsJson() throws com.u14n.sandbox.model.DAOException
Nov 23, 2015 8:21:41 AM org.springframework.web.servlet.mvc.method.annotation.RequestMappingHandlerMapping registerHandlerMethod
INFO: Mapped "{[/restapi/locations.xml],methods=[GET],params=[],headers=[],consumes=[],produces=[text/xml],custom=[]}" onto public java.util.List<com.u14n.sandbox.model.Location> com.u14n.sandbox.spring.rest.service.LocationsService.getLocationsXml() throws com.u14n.sandbox.model.DAOException
Nov 23, 2015 8:21:41 AM org.springframework.web.servlet.mvc.method.annotation.RequestMappingHandlerMapping registerHandlerMethod
INFO: Mapped "{[/restapi/locations/{id}],methods=[PUT],params=[],headers=[],consumes=[application/json],produces=[application/json],custom=[]}" onto public com.u14n.sandbox.model.Location com.u14n.sandbox.spring.rest.service.LocationsService.updateLocation(com.u14n.sandbox.model.Location,int) throws com.u14n.sandbox.model.DAOException
Nov 23, 2015 8:21:41 AM org.springframework.web.servlet.mvc.method.annotation.RequestMappingHandlerMapping registerHandlerMethod
INFO: Mapped "{[/restapi/locations],methods=[GET],params=[],headers=[],consumes=[],produces=[application/json],custom=[]}" onto public java.util.List<com.u14n.sandbox.model.Location> com.u14n.sandbox.spring.rest.service.LocationsService.getLocations() throws com.u14n.sandbox.model.DAOException
Nov 23, 2015 8:21:41 AM org.springframework.web.servlet.mvc.method.annotation.RequestMappingHandlerMapping registerHandlerMethod
INFO: Mapped "{[/restapi/locations/list],methods=[GET],params=[],headers=[],consumes=[],produces=[application/json],custom=[]}" onto public java.util.List<com.u14n.sandbox.model.Location> com.u14n.sandbox.spring.rest.service.LocationsService.getLocationList() throws com.u14n.sandbox.model.DAOException
Nov 23, 2015 8:21:41 AM org.springframework.web.servlet.mvc.method.annotation.RequestMappingHandlerMapping registerHandlerMethod
INFO: Mapped "{[/restapi/locations/{id}],methods=[DELETE],params=[],headers=[],consumes=[],produces=[application/json],custom=[]}" onto public boolean com.u14n.sandbox.spring.rest.service.LocationsService.deleteLocation(int) throws com.u14n.sandbox.model.DAOException
Nov 23, 2015 8:21:41 AM org.springframework.web.servlet.mvc.method.annotation.RequestMappingHandlerMapping registerHandlerMethod
INFO: Mapped "{[/restapi/locations],methods=[POST],params=[],headers=[],consumes=[application/json],produces=[application/json],custom=[]}" onto public boolean com.u14n.sandbox.spring.rest.service.LocationsService.createLocation(com.u14n.sandbox.model.Location) throws com.u14n.sandbox.model.DAOException
Nov 23, 2015 8:21:41 AM org.springframework.web.servlet.mvc.method.annotation.RequestMappingHandlerMapping registerHandlerMethod
INFO: Mapped "{[/restapi/locations.html],methods=[GET],params=[],headers=[],consumes=[],produces=[text/html],custom=[]}" onto public java.lang.String com.u14n.sandbox.spring.rest.service.LocationsService.getLocationListHTML() throws com.u14n.sandbox.model.DAOException
Nov 23, 2015 8:21:41 AM org.springframework.web.servlet.DispatcherServlet initServletBean
INFO: FrameworkServlet 'rest-dispatcher': initialization completed in 73 ms
2015-11-23 08:21:41.668:INFO::Started SocketConnector@0.0.0.0:8080
2015-11-23 08:21:42.199:INFO::Shutdown hook executing
2015-11-23 08:21:42.200:INFO::Stopped SocketConnector@0.0.0.0:8080
2015-11-23 08:21:42.201:INFO:/:Destroying Spring FrameworkServlet 'rest-dispatcher'
2015-11-23 08:21:42.203:INFO:/:Closing Spring root WebApplicationContext
2015-11-23 08:21:42.323:INFO::Shutdown hook complete
